// Jest Snapshot v1, https://goo.gl/fbAQLP

exports[`HomePage matches the HomePage snapshot 1`] = `
<DocumentFragment>
  <div>
    <div
      class="header__container"
    >
      <div
        class="header__container__info"
      >
        <div
          class="header__container__info__personal"
        >
          <div
            class="header__container__info__personal__item"
          >
            <svg
              color="white"
              fill="currentColor"
              height="1em"
              stroke="currentColor"
              stroke-width="0"
              style="color: white;"
              viewBox="0 0 512 512"
              width="1em"
              xmlns="http://www.w3.org/2000/svg"
            >
              <path
                d="M391 480c-19.52 0-46.94-7.06-88-30-49.93-28-88.55-53.85-138.21-103.38C116.91 298.77 93.61 267.79 61 208.45c-36.84-67-30.56-102.12-23.54-117.13C45.82 73.38 58.16 62.65 74.11 52a176.3 176.3 0 0 1 28.64-15.2c1-.43 1.93-.84 2.76-1.21 4.95-2.23 12.45-5.6 21.95-2 6.34 2.38 12 7.25 20.86 16 18.17 17.92 43 57.83 52.16 77.43 6.15 13.21 10.22 21.93 10.23 31.71 0 11.45-5.76 20.28-12.75 29.81-1.31 1.79-2.61 3.5-3.87 5.16-7.61 10-9.28 12.89-8.18 18.05 2.23 10.37 18.86 41.24 46.19 68.51s57.31 42.85 67.72 45.07c5.38 1.15 8.33-.59 18.65-8.47 1.48-1.13 3-2.3 4.59-3.47 10.66-7.93 19.08-13.54 30.26-13.54h.06c9.73 0 18.06 4.22 31.86 11.18 18 9.08 59.11 33.59 77.14 51.78 8.77 8.84 13.66 14.48 16.05 20.81 3.6 9.53.21 17-2 22-.37.83-.78 1.74-1.21 2.75a176.49 176.49 0 0 1-15.29 28.58c-10.63 15.9-21.4 28.21-39.38 36.58A67.42 67.42 0 0 1 391 480z"
              />
            </svg>
            (+84) 123 456 7890
          </div>
          <div
            class="header__container__info__personal__item"
          >
            <svg
              color="white"
              fill="currentColor"
              height="1em"
              stroke="currentColor"
              stroke-width="0"
              style="color: white;"
              viewBox="0 0 512 512"
              width="1em"
              xmlns="http://www.w3.org/2000/svg"
            >
              <path
                d="M464 80H48a16 16 0 0 0-16 16v320a16 16 0 0 0 16 16h416a16 16 0 0 0 16-16V96a16 16 0 0 0-16-16zM265.82 284.63a16 16 0 0 1-19.64 0L89.55 162.81l19.64-25.26L256 251.73l146.81-114.18 19.64 25.26z"
              />
            </svg>
            digital-e@gmail.com
          </div>
          <div
            class="header__container__info__personal__item"
          >
            <svg
              color="white"
              fill="currentColor"
              height="1em"
              stroke="currentColor"
              stroke-width="0"
              style="color: white;"
              viewBox="0 0 512 512"
              width="1em"
              xmlns="http://www.w3.org/2000/svg"
            >
              <path
                d="M261.56 101.28a8 8 0 0 0-11.06 0L66.4 277.15a8 8 0 0 0-2.47 5.79L63.9 448a32 32 0 0 0 32 32H192a16 16 0 0 0 16-16V328a8 8 0 0 1 8-8h80a8 8 0 0 1 8 8v136a16 16 0 0 0 16 16h96.06a32 32 0 0 0 32-32V282.94a8 8 0 0 0-2.47-5.79z"
              />
              <path
                d="m490.91 244.15-74.8-71.56V64a16 16 0 0 0-16-16h-48a16 16 0 0 0-16 16v32l-57.92-55.38C272.77 35.14 264.71 32 256 32c-8.68 0-16.72 3.14-22.14 8.63l-212.7 203.5c-6.22 6-7 15.87-1.34 22.37A16 16 0 0 0 43 267.56L250.5 69.28a8 8 0 0 1 11.06 0l207.52 198.28a16 16 0 0 0 22.59-.44c6.14-6.36 5.63-16.86-.76-22.97z"
              />
            </svg>
            123 ABC Street, HCM City
          </div>
        </div>
        <div
          class="header__container__info__auth"
        >
          <strong>
            Welcome Anonymous
          </strong>
          <div
            class="header__container__info__auth__button"
          >
            <div>
              <a
                href="/login"
              >
                Login
              </a>
            </div>
            <div>
              |
            </div>
            <div>
              <a
                href="/signup"
              >
                Signup
              </a>
            </div>
          </div>
        </div>
      </div>
      <div
        class="header__container__main"
      >
        <div
          class="header__container__main__brand"
        >
          <a
            class="header__container__main__brand__link navbar-brand"
            href="/"
          >
            DIGITAL-E
          </a>
        </div>
        <div
          class="header__container__main__search"
        >
          <input
            class="header__container__main__search__bar"
            id=""
            name=""
            placeholder="Search product..."
            type="text"
          />
          <button>
            Search
          </button>
        </div>
        <div
          class="header__container__main__group"
        >
          <div
            class="header__container__main__group__item"
          >
            <svg
              fill="currentColor"
              height="28"
              stroke="currentColor"
              stroke-width="0"
              viewBox="0 0 512 512"
              width="28"
              xmlns="http://www.w3.org/2000/svg"
            >
              <path
                d="M256 448a32 32 0 0 1-18-5.57c-78.59-53.35-112.62-89.93-131.39-112.8-40-48.75-59.15-98.8-58.61-153C48.63 114.52 98.46 64 159.08 64c44.08 0 74.61 24.83 92.39 45.51a6 6 0 0 0 9.06 0C278.31 88.81 308.84 64 352.92 64c60.62 0 110.45 50.52 111.08 112.64.54 54.21-18.63 104.26-58.61 153-18.77 22.87-52.8 59.45-131.39 112.8a32 32 0 0 1-18 5.56z"
              />
            </svg>
            Wishlist
          </div>
          <div
            class="header__container__main__group__item"
          >
            <svg
              fill="currentColor"
              height="28"
              stroke="currentColor"
              stroke-width="0"
              viewBox="0 0 512 512"
              width="28"
              xmlns="http://www.w3.org/2000/svg"
            >
              <circle
                cx="176"
                cy="416"
                r="32"
              />
              <circle
                cx="400"
                cy="416"
                r="32"
              />
              <path
                d="M456.8 120.78a23.92 23.92 0 0 0-18.56-8.78H133.89l-6.13-34.78A16 16 0 0 0 112 64H48a16 16 0 0 0 0 32h50.58l45.66 258.78A16 16 0 0 0 160 368h256a16 16 0 0 0 0-32H173.42l-5.64-32h241.66A24.07 24.07 0 0 0 433 284.71l28.8-144a24 24 0 0 0-5-19.93z"
              />
            </svg>
            Shopping Cart
          </div>
        </div>
      </div>
    </div>
    <nav
      class="navbar navbar-expand navbar-light bg-gray"
    >
      <div
        class="container"
      >
        <div
          class="navbar navbar-nav"
        >
          <a
            class="navbar__item nav-link"
            data-rr-ui-event-key="/"
            href="/"
          >
            Home
          </a>
          <a
            class="navbar__item nav-link"
            data-rr-ui-event-key="/shops"
            href="/shops"
          >
            shops
          </a>
          <a
            class="navbar__item nav-link"
            data-rr-ui-event-key="/hot-deals"
            href="/hot-deals"
          >
            hot deals
          </a>
          <a
            class="navbar__item nav-link"
            data-rr-ui-event-key="/about-us"
            href="/about-us"
          >
            about us
          </a>
          <a
            class="navbar__item nav-link"
            data-rr-ui-event-key="/contact-us"
            href="/contact-us"
          >
            contact us
          </a>
        </div>
      </div>
    </nav>
    <div
      class="home"
    >
      <div
        class="home__hero"
      >
        <div
          class="home__hero__overlap"
        >
          <p
            class="home__hero__overlap__upto"
          >
            <span
              class="home__hero__overlap__upto__wrapper"
            >
              Up to 55% OFF
              <br />
            </span>
            <span
              class="home__hero__overlap__upto__wrapper"
              style="font-size: 28px;"
            >
              with the new devices
            </span>
          </p>
          <button
            class="home__hero__overlap__button"
            type="button"
          >
            BUY NOW 
            <svg
              fill="currentColor"
              height="1em"
              stroke="currentColor"
              stroke-width="0"
              viewBox="0 0 512 512"
              width="1em"
              xmlns="http://www.w3.org/2000/svg"
            >
              <path
                d="m268 112 144 144-144 144m124-144H100"
                fill="none"
                stroke-linecap="round"
                stroke-linejoin="round"
                stroke-width="48"
              />
            </svg>
          </button>
        </div>
        <img
          alt="Iphone"
          class="home__hero__overlap__iphone"
          src="iphone.jpg"
        />
      </div>
      <div
        class="home__product"
      >
        <div
          class="home__product__header"
        >
          <h3
            class="home__product__header__title"
          >
            All products
          </h3>
          <div>
            <a
              href="/shops"
              style="text-decoration: none; font-size: 20px;"
            >
              View all 
              <svg
                fill="currentColor"
                height="1em"
                stroke="currentColor"
                stroke-width="0"
                viewBox="0 0 512 512"
                width="1em"
                xmlns="http://www.w3.org/2000/svg"
              >
                <path
                  d="m268 112 144 144-144 144m124-144H100"
                  fill="none"
                  stroke-linecap="round"
                  stroke-linejoin="round"
                  stroke-width="48"
                />
              </svg>
            </a>
          </div>
        </div>
        <div
          class="home__product__menu"
        />
      </div>
    </div>
    <div
      class="footer"
    >
      <div
        class="footer__about"
      >
        <h5
          style="font-weight: bold;"
        >
          About us
        </h5>
        <p>
          Lorem ipsum dolor sit amet, consectetur adipiscing elit, sed do eiusmod tempor incididunt ut labore et dolore magna aliqua. Ut enim ad minim veniam.
        </p>
      </div>
      <div
        class="footer__menuGroup"
      >
        <div
          class="footer__menuGroup__menu"
        >
          <h5
            class="footer__menuGroup__menu__title"
          >
            Categories
          </h5>
          <div
            class="footer__menuGroup__menu__item"
          >
            Laptops
          </div>
          <div
            class="footer__menuGroup__menu__item"
          >
            Cameras
          </div>
          <div
            class="footer__menuGroup__menu__item"
          >
            Smartphones
          </div>
          <div
            class="footer__menuGroup__menu__item"
          >
            Accessories
          </div>
        </div>
        <div
          class="footer__menuGroup__menu"
        >
          <h5
            class="footer__menuGroup__menu__title"
          >
            Information
          </h5>
          <div
            class="footer__menuGroup__menu__item"
          >
            About us
          </div>
          <div
            class="footer__menuGroup__menu__item"
          >
            Contact us
          </div>
          <div
            class="footer__menuGroup__menu__item"
          >
            Privacy and Policy
          </div>
          <div
            class="footer__menuGroup__menu__item"
          >
            Terms and Condition
          </div>
        </div>
        <div
          class="footer__menuGroup__menu"
        >
          <h5
            class="footer__menuGroup__menu__title"
          >
            Service
          </h5>
          <div
            class="footer__menuGroup__menu__item"
          >
            My accounts
          </div>
          <div
            class="footer__menuGroup__menu__item"
          >
            Shopping cart
          </div>
          <div
            class="footer__menuGroup__menu__item"
          >
            Track my order
          </div>
          <div
            class="footer__menuGroup__menu__item"
          >
            Help
          </div>
        </div>
      </div>
    </div>
  </div>
  <div
    class="toast-container bottom-0 end-0 p-3"
    style="z-index: 1; position: fixed; bottom: 0px; right: 0px;"
  />
</DocumentFragment>
`;

exports[`matches the HomePage snapshot 1`] = `
<DocumentFragment>
  <div>
    <div
      class="header__container"
    >
      <div
        class="header__container__info"
      >
        <div
          class="header__container__info__personal"
        >
          <div
            class="header__container__info__personal__item"
          >
            <svg
              color="white"
              fill="currentColor"
              height="1em"
              stroke="currentColor"
              stroke-width="0"
              style="color: white;"
              viewBox="0 0 512 512"
              width="1em"
              xmlns="http://www.w3.org/2000/svg"
            >
              <path
                d="M391 480c-19.52 0-46.94-7.06-88-30-49.93-28-88.55-53.85-138.21-103.38C116.91 298.77 93.61 267.79 61 208.45c-36.84-67-30.56-102.12-23.54-117.13C45.82 73.38 58.16 62.65 74.11 52a176.3 176.3 0 0 1 28.64-15.2c1-.43 1.93-.84 2.76-1.21 4.95-2.23 12.45-5.6 21.95-2 6.34 2.38 12 7.25 20.86 16 18.17 17.92 43 57.83 52.16 77.43 6.15 13.21 10.22 21.93 10.23 31.71 0 11.45-5.76 20.28-12.75 29.81-1.31 1.79-2.61 3.5-3.87 5.16-7.61 10-9.28 12.89-8.18 18.05 2.23 10.37 18.86 41.24 46.19 68.51s57.31 42.85 67.72 45.07c5.38 1.15 8.33-.59 18.65-8.47 1.48-1.13 3-2.3 4.59-3.47 10.66-7.93 19.08-13.54 30.26-13.54h.06c9.73 0 18.06 4.22 31.86 11.18 18 9.08 59.11 33.59 77.14 51.78 8.77 8.84 13.66 14.48 16.05 20.81 3.6 9.53.21 17-2 22-.37.83-.78 1.74-1.21 2.75a176.49 176.49 0 0 1-15.29 28.58c-10.63 15.9-21.4 28.21-39.38 36.58A67.42 67.42 0 0 1 391 480z"
              />
            </svg>
            (+84) 123 456 7890
          </div>
          <div
            class="header__container__info__personal__item"
          >
            <svg
              color="white"
              fill="currentColor"
              height="1em"
              stroke="currentColor"
              stroke-width="0"
              style="color: white;"
              viewBox="0 0 512 512"
              width="1em"
              xmlns="http://www.w3.org/2000/svg"
            >
              <path
                d="M464 80H48a16 16 0 0 0-16 16v320a16 16 0 0 0 16 16h416a16 16 0 0 0 16-16V96a16 16 0 0 0-16-16zM265.82 284.63a16 16 0 0 1-19.64 0L89.55 162.81l19.64-25.26L256 251.73l146.81-114.18 19.64 25.26z"
              />
            </svg>
            digital-e@gmail.com
          </div>
          <div
            class="header__container__info__personal__item"
          >
            <svg
              color="white"
              fill="currentColor"
              height="1em"
              stroke="currentColor"
              stroke-width="0"
              style="color: white;"
              viewBox="0 0 512 512"
              width="1em"
              xmlns="http://www.w3.org/2000/svg"
            >
              <path
                d="M261.56 101.28a8 8 0 0 0-11.06 0L66.4 277.15a8 8 0 0 0-2.47 5.79L63.9 448a32 32 0 0 0 32 32H192a16 16 0 0 0 16-16V328a8 8 0 0 1 8-8h80a8 8 0 0 1 8 8v136a16 16 0 0 0 16 16h96.06a32 32 0 0 0 32-32V282.94a8 8 0 0 0-2.47-5.79z"
              />
              <path
                d="m490.91 244.15-74.8-71.56V64a16 16 0 0 0-16-16h-48a16 16 0 0 0-16 16v32l-57.92-55.38C272.77 35.14 264.71 32 256 32c-8.68 0-16.72 3.14-22.14 8.63l-212.7 203.5c-6.22 6-7 15.87-1.34 22.37A16 16 0 0 0 43 267.56L250.5 69.28a8 8 0 0 1 11.06 0l207.52 198.28a16 16 0 0 0 22.59-.44c6.14-6.36 5.63-16.86-.76-22.97z"
              />
            </svg>
            123 ABC Street, HCM City
          </div>
        </div>
        <div
          class="header__container__info__auth"
        >
          <strong>
            Welcome Anonymous
          </strong>
          <div
            class="header__container__info__auth__button"
          >
            <div>
              <a
                href="/login"
              >
                Login
              </a>
            </div>
            <div>
              |
            </div>
            <div>
              <a
                href="/signup"
              >
                Signup
              </a>
            </div>
          </div>
        </div>
      </div>
      <div
        class="header__container__main"
      >
        <div
          class="header__container__main__brand"
        >
          <a
            class="header__container__main__brand__link navbar-brand"
            href="/"
          >
            DIGITAL-E
          </a>
        </div>
        <div
          class="header__container__main__search"
        >
          <input
            class="header__container__main__search__bar"
            id=""
            name=""
            placeholder="Search product..."
            type="text"
          />
          <button>
            Search
          </button>
        </div>
        <div
          class="header__container__main__group"
        >
          <div
            class="header__container__main__group__item"
          >
            <svg
              fill="currentColor"
              height="28"
              stroke="currentColor"
              stroke-width="0"
              viewBox="0 0 512 512"
              width="28"
              xmlns="http://www.w3.org/2000/svg"
            >
              <path
                d="M256 448a32 32 0 0 1-18-5.57c-78.59-53.35-112.62-89.93-131.39-112.8-40-48.75-59.15-98.8-58.61-153C48.63 114.52 98.46 64 159.08 64c44.08 0 74.61 24.83 92.39 45.51a6 6 0 0 0 9.06 0C278.31 88.81 308.84 64 352.92 64c60.62 0 110.45 50.52 111.08 112.64.54 54.21-18.63 104.26-58.61 153-18.77 22.87-52.8 59.45-131.39 112.8a32 32 0 0 1-18 5.56z"
              />
            </svg>
            Wishlist
          </div>
          <div
            class="header__container__main__group__item"
          >
            <svg
              fill="currentColor"
              height="28"
              stroke="currentColor"
              stroke-width="0"
              viewBox="0 0 512 512"
              width="28"
              xmlns="http://www.w3.org/2000/svg"
            >
              <circle
                cx="176"
                cy="416"
                r="32"
              />
              <circle
                cx="400"
                cy="416"
                r="32"
              />
              <path
                d="M456.8 120.78a23.92 23.92 0 0 0-18.56-8.78H133.89l-6.13-34.78A16 16 0 0 0 112 64H48a16 16 0 0 0 0 32h50.58l45.66 258.78A16 16 0 0 0 160 368h256a16 16 0 0 0 0-32H173.42l-5.64-32h241.66A24.07 24.07 0 0 0 433 284.71l28.8-144a24 24 0 0 0-5-19.93z"
              />
            </svg>
            Shopping Cart
          </div>
        </div>
      </div>
    </div>
    <nav
      class="navbar navbar-expand navbar-light bg-gray"
    >
      <div
        class="container"
      >
        <div
          class="navbar navbar-nav"
        >
          <a
            class="navbar__item nav-link"
            data-rr-ui-event-key="/"
            href="/"
          >
            Home
          </a>
          <a
            class="navbar__item nav-link"
            data-rr-ui-event-key="/shops"
            href="/shops"
          >
            shops
          </a>
          <a
            class="navbar__item nav-link"
            data-rr-ui-event-key="/hot-deals"
            href="/hot-deals"
          >
            hot deals
          </a>
          <a
            class="navbar__item nav-link"
            data-rr-ui-event-key="/about-us"
            href="/about-us"
          >
            about us
          </a>
          <a
            class="navbar__item nav-link"
            data-rr-ui-event-key="/contact-us"
            href="/contact-us"
          >
            contact us
          </a>
        </div>
      </div>
    </nav>
    <div
      class="home"
    >
      <div
        class="home__hero"
      >
        <div
          class="home__hero__overlap"
        >
          <p
            class="home__hero__overlap__upto"
          >
            <span
              class="home__hero__overlap__upto__wrapper"
            >
              Up to 55% OFF
              <br />
            </span>
            <span
              class="home__hero__overlap__upto__wrapper"
              style="font-size: 28px;"
            >
              with the new devices
            </span>
          </p>
          <button
            class="home__hero__overlap__button"
            type="button"
          >
            BUY NOW 
            <svg
              fill="currentColor"
              height="1em"
              stroke="currentColor"
              stroke-width="0"
              viewBox="0 0 512 512"
              width="1em"
              xmlns="http://www.w3.org/2000/svg"
            >
              <path
                d="m268 112 144 144-144 144m124-144H100"
                fill="none"
                stroke-linecap="round"
                stroke-linejoin="round"
                stroke-width="48"
              />
            </svg>
          </button>
        </div>
        <img
          alt="Iphone"
          class="home__hero__overlap__iphone"
          src="iphone.jpg"
        />
      </div>
      <div
        class="home__product"
      >
        <div
          class="home__product__header"
        >
          <h3
            class="home__product__header__title"
          >
            All products
          </h3>
          <div>
            <a
              href="/shops"
              style="text-decoration: none; font-size: 20px;"
            >
              View all 
              <svg
                fill="currentColor"
                height="1em"
                stroke="currentColor"
                stroke-width="0"
                viewBox="0 0 512 512"
                width="1em"
                xmlns="http://www.w3.org/2000/svg"
              >
                <path
                  d="m268 112 144 144-144 144m124-144H100"
                  fill="none"
                  stroke-linecap="round"
                  stroke-linejoin="round"
                  stroke-width="48"
                />
              </svg>
            </a>
          </div>
        </div>
        <div
          class="home__product__menu"
        />
      </div>
    </div>
    <div
      class="footer"
    >
      <div
        class="footer__about"
      >
        <h5
          style="font-weight: bold;"
        >
          About us
        </h5>
        <p>
          Lorem ipsum dolor sit amet, consectetur adipiscing elit, sed do eiusmod tempor incididunt ut labore et dolore magna aliqua. Ut enim ad minim veniam.
        </p>
      </div>
      <div
        class="footer__menuGroup"
      >
        <div
          class="footer__menuGroup__menu"
        >
          <h5
            class="footer__menuGroup__menu__title"
          >
            Categories
          </h5>
          <div
            class="footer__menuGroup__menu__item"
          >
            Laptops
          </div>
          <div
            class="footer__menuGroup__menu__item"
          >
            Cameras
          </div>
          <div
            class="footer__menuGroup__menu__item"
          >
            Smartphones
          </div>
          <div
            class="footer__menuGroup__menu__item"
          >
            Accessories
          </div>
        </div>
        <div
          class="footer__menuGroup__menu"
        >
          <h5
            class="footer__menuGroup__menu__title"
          >
            Information
          </h5>
          <div
            class="footer__menuGroup__menu__item"
          >
            About us
          </div>
          <div
            class="footer__menuGroup__menu__item"
          >
            Contact us
          </div>
          <div
            class="footer__menuGroup__menu__item"
          >
            Privacy and Policy
          </div>
          <div
            class="footer__menuGroup__menu__item"
          >
            Terms and Condition
          </div>
        </div>
        <div
          class="footer__menuGroup__menu"
        >
          <h5
            class="footer__menuGroup__menu__title"
          >
            Service
          </h5>
          <div
            class="footer__menuGroup__menu__item"
          >
            My accounts
          </div>
          <div
            class="footer__menuGroup__menu__item"
          >
            Shopping cart
          </div>
          <div
            class="footer__menuGroup__menu__item"
          >
            Track my order
          </div>
          <div
            class="footer__menuGroup__menu__item"
          >
            Help
          </div>
        </div>
      </div>
    </div>
  </div>
  <div
    class="toast-container bottom-0 end-0 p-3"
    style="z-index: 1; position: fixed; bottom: 0px; right: 0px;"
  />
</DocumentFragment>
`;
