// Jest Snapshot v1, https://goo.gl/fbAQLP

exports[`LoginPage should match the LoginPage snapshot 1`] = `
<DocumentFragment>
  <div
    class="container-fluid"
    style="background-color: rgb(230, 240, 253); padding: 3rem; display: flex; justify-content: center;"
  >
    <div
      class="login"
    >
      <aside
        class="login__image"
      >
        <img
          alt=""
          class="login__image__background"
          src="background_form.jpg"
        />
        <div
          class="login__image__content"
        >
          <strong
            class="login__image__content__name"
          >
            DIGITAL-E
          </strong>
          <p
            class="login__image__content__desc"
          >
            An E-commerce platforms of electronics devices
          </p>
        </div>
      </aside>
      <main
        class="login__form"
      >
        <h3
          class="login__form__title"
        >
          Welcome back
        </h3>
        <form
          aria-label="login-form"
          class="login__form__container"
          name="login-form"
        >
          <div
            class="login__form__container__group mb-3"
          >
            <label
              class="form-label"
              for="formBasicUserName"
            >
              Email
            </label>
            <input
              autocomplete="off"
              class="login__form__container__group__input form-control"
              id="formBasicUserName"
              name="email"
              placeholder="Email"
              required=""
              type="email"
              value=""
            />
          </div>
          <div
            class="login__form__container__group mb-3"
          >
            <label
              class="form-label"
              for="formBasicPassword"
            >
              Password
            </label>
            <input
              autocomplete="off"
              class="login__form__container__group__input form-control"
              id="formBasicPassword"
              name="password"
              placeholder="Password"
              required=""
              type="password"
              value=""
            />
          </div>
          <div
            class="login__form__container__group mb-5 mt-5"
          >
            <label
              class="form-label"
            >
              Login as:
            </label>
            <br />
            <div
              class="form-check-inline"
            >
              <input
                checked=""
                class="form-check-input"
                id="customer-radio"
                name="signup-customer"
                type="radio"
                value="Customer"
              />
            </div>
            <label
              class="me-3 form-label"
              for="customer-radio"
            >
              Customer
            </label>
            <div
              class="form-check-inline"
            >
              <input
                class="form-check-input"
                id="admin-radio"
                name="signup-admin"
                type="radio"
                value="Admin"
              />
            </div>
            <label
              class="form-label"
              for="admin-radio"
            >
              Admin
            </label>
          </div>
          <div
            class="login__form__container__group mb-3 mt-5"
          >
            <div
              class="form-check form-check-inline"
            >
              <input
                class="form-check-input"
                id="formBasicCheckbox"
                name="signup-role"
                type="checkbox"
              />
              <label
                class="form-check-label"
                for="formBasicCheckbox"
                title=""
              >
                Remember me
              </label>
            </div>
          </div>
          <div
            class="mb-5"
          />
          <button
            class="btn btn-primary"
            name="login"
            style="width: 100%; height: 3rem; font-size: 16px; text-transform: uppercase;"
            type="submit"
          >
            Login
          </button>
          <div
            class="mt-4"
            style="text-align: center;"
          >
            Don't have an account? 
            <a
              href="/signup"
            >
              Register
            </a>
          </div>
        </form>
      </main>
    </div>
  </div>
  <div
    class="toast-container bottom-0 end-0 p-3"
    style="z-index: 1; position: fixed; bottom: 0px; right: 0px;"
  />
</DocumentFragment>
`;
