// Jest Snapshot v1, https://goo.gl/fbAQLP

exports[`SignupPage matches the SignupPage snapshot 1`] = `
<DocumentFragment>
  <div
    class="container-fluid"
    style="background-color: rgb(230, 240, 253); padding: 3rem; display: flex; justify-content: center;"
  >
    <div
      class="signup"
    >
      <div
        class="signup__image"
      >
        <img
          alt=""
          class="signup__image__background"
          src="background_form.jpg"
        />
        <div
          class="signup__image__content"
        >
          <strong
            class="signup__image__content__name"
          >
            DIGITAL-E
          </strong>
          <p
            class="signup__image__content__desc"
          >
            An E-commerce platforms of electronics devices
          </p>
        </div>
      </div>
      <div
        class="signup__form"
      >
        <h3
          class="signup__form__title"
        >
          Create new account
        </h3>
        <form
          aria-label="signup-form"
          class="signup__form__container"
          name="signup-form"
        >
          <div
            class="signup__form__container__group mb-3"
          >
            <label
              class="form-label"
              for="formBasicUserName"
            >
              Username
            </label>
            <input
              autocomplete="off"
              class="signup__form__container__group__input form-control"
              id="formBasicUserName"
              name="username"
              placeholder="Username"
              required=""
              type="text"
              value=""
            />
          </div>
          <div
            class="signup__form__container__group mb-3"
          >
            <label
              class="form-label"
              for="formBasicEmail"
            >
              Email address
            </label>
            <input
              autocomplete="off"
              class="signup__form__container__group__input form-control"
              id="formBasicEmail"
              name="email"
              placeholder="Email"
              required=""
              type="email"
              value=""
            />
          </div>
          <div
            class="signup__form__container__group mb-3"
          >
            <label
              class="form-label"
              for="formBasicPassword"
            >
              Password
            </label>
            <input
              autocomplete="off"
              class="signup__form__container__group__input form-control"
              id="formBasicPassword"
              name="password"
              placeholder="Password"
              required=""
              type="password"
              value=""
            />
          </div>
          <div
            class="signup__form__container__group mb-3"
          >
            <label
              class="form-label"
              for="formBasicConfirmPassword"
            >
              Confirm Password
            </label>
            <input
              autocomplete="off"
              class="signup__form__container__group__input form-control"
              id="formBasicConfirmPassword"
              name="confirm"
              placeholder="Confirm Password"
              required=""
              type="password"
              value=""
            />
          </div>
          <div
            class="signup__form__container__group mb-3 mt-5"
          >
            <label
              class="form-label"
              for="formBasicRadio"
            >
              Signup as:
            </label>
            <br />
            <div
              class="form-check-inline"
            >
              <input
                checked=""
                class="form-check-input"
                id="customer-radio"
                name="signup-customer"
                type="radio"
                value="Customer"
              />
            </div>
            <label
              class="me-3 form-label"
              for="customer-radio"
            >
              Customer
            </label>
            <div
              class="form-check-inline"
            >
              <input
                class="form-check-input"
                id="admin-radio"
                name="signup-admin"
                type="radio"
                value="Admin"
              />
            </div>
            <label
              class="form-label"
              for="admin-radio"
            >
              Admin
            </label>
          </div>
          <div
            class="mb-5"
          />
          <button
            class="btn btn-primary"
            style="width: 100%; height: 3rem; font-size: 16px; text-transform: uppercase;"
            type="submit"
          >
            Sign up
          </button>
          <div
            class="mt-4"
            style="text-align: center;"
          >
            Already registered? 
            <a
              href="/login"
            >
              Login
            </a>
          </div>
        </form>
      </div>
    </div>
  </div>
</DocumentFragment>
`;
